
> xgate-property-os@0.1.0 build
> next build

Γû▓ Next.js 16.1.6 (Turbopack)
- Environments: .env

  Creating an optimized production build ...
Γ£ô Compiled successfully in 10.1s
  Running TypeScript ...
node.exe : Failed to compile.
At line:1 char:1
+ & "C:\Program Files\nodejs/node.exe" "C:\Program 
Files\nodejs/node_mo ...
+ ~~~~~~~~~~~~~~~~~~~~~~~~~~~~~~~~~~~~~~~~~~~~~~~~~~~~~~~~~~
~~~~~~~~~~~
    + CategoryInfo          : NotSpecified: (Failed to comp 
   ile.:String) [], RemoteException
    + FullyQualifiedErrorId : NativeCommandError
 

./prisma/smoke_test.ts:39:50
Type error: 'error' is of type 'unknown'.

[0m [90m 37 |[39m         
console[33m.[39mlog([32m'\nΓ£¿ All automated API checks 
passed successfully!'[39m)[33m;[39m
 [90m 38 |[39m     } [36mcatch[39m (error) {
[31m[1m>[22m[39m[90m 39 |[39m         
console[33m.[39merror([32m'\n≡ƒÆÑ Test suite 
failed:'[39m[33m,[39m error[33m.[39mmessage)[33m;[39m
 [90m    |[39m                                            
      [31m[1m^[22m[39m
 [90m 40 |[39m         
process[33m.[39mexit([35m1[39m)[33m;[39m
 [90m 41 |[39m     }
 [90m 42 |[39m }[0m
Next.js build worker exited with code: 1 and signal: null
