
Running 3 tests using 3 workers

[1A[2K[1/3] [chromium] ΓÇ║ tests\navigation.spec.ts:23:9 ΓÇ║ Xgate Navigation Smoke Test ΓÇ║ should navigate to Hierarchy page
[1A[2K[2/3] [chromium] ΓÇ║ tests\navigation.spec.ts:16:9 ΓÇ║ Xgate Navigation Smoke Test ΓÇ║ should navigate to Billing page
[1A[2K[3/3] [chromium] ΓÇ║ tests\navigation.spec.ts:4:9 ΓÇ║ Xgate Navigation Smoke Test ΓÇ║ should load the dashboard and show sidebar links
[1A[2K  1) [chromium] ΓÇ║ tests\navigation.spec.ts:4:9 ΓÇ║ Xgate Navigation Smoke Test ΓÇ║ should load the dashboard and show sidebar links 

    Error: [2mexpect([22m[31mlocator[39m[2m).[22mtoBeVisible[2m([22m[2m)[22m failed

    Locator: getByRole('link', { name: /Lead Pipeline/i })
    Expected: visible
    Error: strict mode violation: getByRole('link', { name: /Lead Pipeline/i }) resolved to 2 elements:
        1) <a href="/leads" class="nav-link ">ΓÇª</a> aka getByRole('link', { name: '≡ƒÄ» Lead Pipeline' })
        2) <a href="/leads" class="btn btn-secondary btn-sm">≡ƒÄ» View Lead Pipeline</a> aka getByRole('link', { name: '≡ƒÄ» View Lead Pipeline' })

    Call log:
    [2m  - Expect "toBeVisible" with timeout 5000ms[22m
    [2m  - waiting for getByRole('link', { name: /Lead Pipeline/i })[22m


      11 |         await expect(page.getByRole('link', { name: /Billing/i })).toBeVisible();
      12 |         await expect(page.getByRole('link', { name: /Organization/i })).toBeVisible();
    > 13 |         await expect(page.getByRole('link', { name: /Lead Pipeline/i })).toBeVisible();
         |                                                                          ^
      14 |     });
      15 |
      16 |     test('should navigate to Billing page', async ({ page }) => {
        at C:\Users\admin\.gemini\antigravity\scratch\smile-home\tests\navigation.spec.ts:13:74

    attachment #1: screenshot (image/png) ΓöÇΓöÇΓöÇΓöÇΓöÇΓöÇΓöÇΓöÇΓöÇΓöÇΓöÇΓöÇΓöÇΓöÇΓöÇΓöÇΓöÇΓöÇΓöÇΓöÇΓöÇΓöÇΓöÇΓöÇΓöÇΓöÇΓöÇΓöÇΓöÇΓöÇΓöÇΓöÇΓöÇΓöÇΓöÇΓöÇΓöÇΓöÇΓöÇΓöÇΓöÇΓöÇΓöÇΓöÇΓöÇΓöÇΓöÇΓöÇΓöÇΓöÇΓöÇΓöÇΓöÇΓöÇΓöÇΓöÇΓöÇΓöÇ
    test-results\navigation-Xgate-Navigatio-6edc6-oard-and-show-sidebar-links-chromium\test-failed-1.png
    ΓöÇΓöÇΓöÇΓöÇΓöÇΓöÇΓöÇΓöÇΓöÇΓöÇΓöÇΓöÇΓöÇΓöÇΓöÇΓöÇΓöÇΓöÇΓöÇΓöÇΓöÇΓöÇΓöÇΓöÇΓöÇΓöÇΓöÇΓöÇΓöÇΓöÇΓöÇΓöÇΓöÇΓöÇΓöÇΓöÇΓöÇΓöÇΓöÇΓöÇΓöÇΓöÇΓöÇΓöÇΓöÇΓöÇΓöÇΓöÇΓöÇΓöÇΓöÇΓöÇΓöÇΓöÇΓöÇΓöÇΓöÇΓöÇΓöÇΓöÇΓöÇΓöÇΓöÇΓöÇΓöÇΓöÇΓöÇΓöÇΓöÇΓöÇΓöÇΓöÇΓöÇΓöÇΓöÇΓöÇΓöÇΓöÇΓöÇΓöÇΓöÇΓöÇΓöÇΓöÇΓöÇΓöÇΓöÇΓöÇΓöÇΓöÇΓöÇΓöÇΓöÇΓöÇΓöÇΓöÇ

    Error Context: test-results\navigation-Xgate-Navigatio-6edc6-oard-and-show-sidebar-links-chromium\error-context.md


[1A[2K  1 failed
    [chromium] ΓÇ║ tests\navigation.spec.ts:4:9 ΓÇ║ Xgate Navigation Smoke Test ΓÇ║ should load the dashboard and show sidebar links 
  2 passed (5.8s)

[36m  Serving HTML report at http://localhost:50061. Press Ctrl+C to quit.[39m
